// Vitest Snapshot v1, https://vitest.dev/guide/snapshot.html

exports[`sections > actions section snapshot 1`] = `
"═══ 🎯 现在该做什么 ═══
1. 处理超期未审：openclaw-learn review list --status pending
2. 详情：openclaw-learn review show <ID>"
`;

exports[`sections > cumulative section snapshot 1`] = `
"═══ 📊 候选库总览 (共 6) ═══
pending 6 · reviewing 0 · shadow 0 · graduated 0"
`;

exports[`sections > dropped section empty fallback 1`] = `
"═══ ⚠️ 被丢弃 (0) ═══
今日没有被丢弃的候选。"
`;

exports[`sections > dropped section snapshot 1`] = `
"═══ ⚠️ 被丢弃 (2) ═══
🔁 重复 (2)
   • 工具链报告测试通过但实际未在生产环境验证
   • 发版前必须跑完整测试矩阵"
`;

exports[`sections > new candidates section empty fallback 1`] = `
"═══ 🆕 今日新增候选 ═══
今日没有新增候选。"
`;

exports[`sections > new candidates section snapshot 1`] = `
"═══ 🆕 今日新增候选 ═══

▸ 模型路由故障识别 [pending · 1 天前]
   触发：使用 gpt-5.4 时出现启动即崩溃/400 报 schema invalid…
   ID: 68b21d20"
`;

exports[`sections > overview section snapshot 1`] = `
"═══ 总览 ═══
1 events · 0 新候选 · 0 被丢弃 · 耗时 3.5s"
`;
