// Vitest Snapshot v1, https://vitest.dev/guide/snapshot.html

exports[`renderForFeishu > renders dropped day snapshot 1`] = `
"# 学习闭环日报 · 2026-04-27

> 生成时间：2026-04-27T11:00:00.000Z
> Reflect: events=220 · 新增=1 · 丢弃=2 · 耗时=2.8s

## 📊 总览

- **采集事件：** 220
- **新增候选：** 1

## 🆕 今日新增候选

### 1. Candidate

- pending

## ⚠️ 被丢弃的候选

- duplicate: 1
- low_signal: 1

## 📚 候选库快照
候选库共 10 条（pending 9 / reviewing 1）。表格已省略，查看完整报告。

## 🎯 行动建议

1. 检查 dropped 原因是否需要调阈值。

📁 完整报告：/home/mcdowell/open-claw-output/code/learning-loop-reporter/fixtures/with-dropped.md
"
`;

exports[`renderForFeishu > renders empty day snapshot 1`] = `
"# 学习闭环日报 · 2026-04-27

> 生成时间：2026-04-27T09:00:00.000Z
> Reflect: events=128 · 新增=0 · 丢弃=0 · 耗时=2.1s

## 📊 总览

- **采集事件：** 128
- **新增候选：** 0

## 🆕 今日新增候选

今日无新增候选。

## ⏰ 超期未审（pending ≥ 4 天）

无超期候选。

## 📚 候选库快照
候选库共 8 条（pending 8）。表格已省略，查看完整报告。

## 🎯 行动建议

1. 明天继续观察。

📁 完整报告：/home/mcdowell/open-claw-output/code/learning-loop-reporter/fixtures/empty-day.md
"
`;

exports[`renderForFeishu > renders sample report snapshot 1`] = `
"# 学习闭环日报 · 2026-04-27

> 生成时间：2026-04-27T08:42:41.404Z
> Reflect: events=3002 · 新增=3 · 丢弃=0 · 耗时=21.8s

## 📊 总览

- **采集事件：** 3002
- **新增候选：** 3
- **被丢弃：** 0
- **候选库总数：** 14（pending 14 / reviewing 0 / shadow 0 / graduated 0）

## 🆕 今日新增候选

### 1. Heartbeat Gate Misuse \`heartbeat_gate_misuse\`

- **ID：** \`sha256:5b7c844400add46f3ee3345742960c26168eb436aa76f8f370a23bad64b23488\`（短：5b7c8444）
- **状态：** pending
- **创建时间：** 2026-04-27T08:42:41.228Z

**触发条件：**
> 用户要求读取 HEARTBEAT.md 并在无任务时回 HEARTBEAT_OK

**建议行动：**
> 在每次指令到来时先检查 HEARTBEAT.md

## ⚠️ 被丢弃的候选

无丢弃候选。

## ⏰ 超期未审（pending ≥ 4 天）

无超期候选。

## 📚 候选库快照
候选库共 14 条（pending 14）。表格已省略，查看完整报告。

## 🎯 行动建议

1. review 新候选（命令：\`openclaw-learn review show <ID>\`）
2. 处理超期未审：\`openclaw-learn review list --status pending\`
3. 查看完整候选：\`ls ~/.openclaw/workspace/learn/candidates/\`

📁 完整报告：/home/mcdowell/open-claw-output/code/learning-loop-reporter/fixtures/sample-daily-report.md
"
`;

exports[`renderForFeishu > renders stale day snapshot 1`] = `
"# 学习闭环日报 · 2026-04-27

> 生成时间：2026-04-27T10:00:00.000Z
> Reflect: events=320 · 新增=1 · 丢弃=0 · 耗时=3.6s

## 📊 总览

- **采集事件：** 320
- **新增候选：** 1

## 🆕 今日新增候选

### 1. Some Candidate

- pending

## ⏰ 超期未审（pending ≥ 4 天）

超期 2 条：
- 候选 A（5 天）
- 候选 B（7 天）

## 📚 候选库快照
候选库共 12 条（pending 10 / reviewing 2）。表格已省略，查看完整报告。

## 🎯 行动建议

1. 今天先 review 超期项。

📁 完整报告：/home/mcdowell/open-claw-output/code/learning-loop-reporter/fixtures/with-stale.md
"
`;
